// Jest Snapshot v1, https://goo.gl/fbAQLP

exports[`Counter should correspond to its snapshot 1`] = `
<p
  className={undefined}
>
  Posts count: 
  4
</p>
`;
